Command line invocation:
    /Applications/Xcode.app/Contents/Developer/usr/bin/xcodebuild -project MathGraphLab2/MathGraphLab2.xcodeproj -scheme MathGraphLab2 -destination "platform=iOS Simulator,name=iPhone 17" build

Resolve Package Graph


Resolved source packages:
  GoogleUserMessagingPlatform: https://github.com/googleads/swift-package-manager-google-user-messaging-platform.git @ 3.1.0
  GoogleMobileAds: https://github.com/googleads/swift-package-manager-google-mobile-ads.git @ 13.0.0

2026-02-13 01:36:51.359 xcodebuild[17018:1467377] [MT] IDERunDestination: Supported platforms for the buildables in the current scheme is empty.
ComputePackagePrebuildTargetDependencyGraph

Prepare packages

CreateBuildRequest

SendProjectDescription

CreateBuildOperation

ComputeTargetDependencyGraph
note: Building targets in dependency order
note: Target dependency graph (5 targets)
    Target 'MathGraphLab2' in project 'MathGraphLab2'
        ➜ Explicit dependency on target 'GoogleMobileAds' in project 'GoogleMobileAds'
    Target 'GoogleMobileAds' in project 'GoogleMobileAds'
        ➜ Explicit dependency on target 'GoogleMobileAdsTarget' in project 'GoogleMobileAds'
        ➜ Explicit dependency on target 'GoogleUserMessagingPlatform' in project 'GoogleUserMessagingPlatform'
    Target 'GoogleMobileAdsTarget' in project 'GoogleMobileAds'
        ➜ Explicit dependency on target 'GoogleUserMessagingPlatform' in project 'GoogleUserMessagingPlatform'
    Target 'GoogleUserMessagingPlatform' in project 'GoogleUserMessagingPlatform'
        ➜ Explicit dependency on target 'UserMessagingPlatformTarget' in project 'GoogleUserMessagingPlatform'
    Target 'UserMessagingPlatformTarget' in project 'GoogleUserMessagingPlatform' (no dependencies)

GatherProvisioningInputs

CreateBuildDescription

ExecuteExternalTool /Applications/Xcode.app/Contents/Developer/Toolchains/XcodeDefault.xctoolchain/usr/bin/clang -v -E -dM -isysroot /Applications/Xcode.app/Contents/Developer/Platforms/iPhoneSimulator.platform/Developer/SDKs/iPhoneSimulator26.2.sdk -x c -c /dev/null

ExecuteExternalTool /Applications/Xcode.app/Contents/Developer/Toolchains/XcodeDefault.xctoolchain/usr/bin/clang -v -E -dM -arch arm64 -isysroot /Applications/Xcode.app/Contents/Developer/Platforms/iPhoneSimulator.platform/Developer/SDKs/iPhoneSimulator26.2.sdk -x objective-c -c /dev/null

ExecuteExternalTool /Applications/Xcode.app/Contents/Developer/Toolchains/XcodeDefault.xctoolchain/usr/bin/swiftc --version

ExecuteExternalTool /Applications/Xcode.app/Contents/Developer/usr/bin/actool --print-asset-tag-combinations --output-format xml1 /Users/fumiaki/Desktop/MathGraphLab2/MathGraphLab2/MathGraphLab2/Assets.xcassets

ExecuteExternalTool /Applications/Xcode.app/Contents/Developer/Toolchains/XcodeDefault.xctoolchain/usr/bin/clang -v -E -dM -arch arm64 -isysroot /Applications/Xcode.app/Contents/Developer/Platforms/iPhoneSimulator.platform/Developer/SDKs/iPhoneSimulator26.2.sdk -x c -c /dev/null

ExecuteExternalTool /Applications/Xcode.app/Contents/Developer/Toolchains/XcodeDefault.xctoolchain/usr/bin/ld -version_details

ExecuteExternalTool /Applications/Xcode.app/Contents/Developer/usr/bin/actool --version --output-format xml1

Build description signature: f100d22a07c41002d83797e4578f256e
Build description path: /Users/fumiaki/Library/Developer/Xcode/DerivedData/MathGraphLab2-aackoovxunepuqbfwkwdzznpmxfk/Build/Intermediates.noindex/XCBuildData/f100d22a07c41002d83797e4578f256e.xcbuilddata
ClangStatCache /Applications/Xcode.app/Contents/Developer/Toolchains/XcodeDefault.xctoolchain/usr/bin/clang-stat-cache /Applications/Xcode.app/Contents/Developer/Platforms/iPhoneSimulator.platform/Developer/SDKs/iPhoneSimulator26.2.sdk /Users/fumiaki/Library/Developer/Xcode/DerivedData/SDKStatCaches.noindex/iphonesimulator26.2-23C53-7d00a8b37fbd7999ea79df8ebc024bf0.sdkstatcache
    cd /Users/fumiaki/Desktop/MathGraphLab2/MathGraphLab2/MathGraphLab2.xcodeproj
    /Applications/Xcode.app/Contents/Developer/Toolchains/XcodeDefault.xctoolchain/usr/bin/clang-stat-cache /Applications/Xcode.app/Contents/Developer/Platforms/iPhoneSimulator.platform/Developer/SDKs/iPhoneSimulator26.2.sdk -o /Users/fumiaki/Library/Developer/Xcode/DerivedData/SDKStatCaches.noindex/iphonesimulator26.2-23C53-7d00a8b37fbd7999ea79df8ebc024bf0.sdkstatcache

Ld /Users/fumiaki/Library/Developer/Xcode/DerivedData/MathGraphLab2-aackoovxunepuqbfwkwdzznpmxfk/Build/Products/Debug-iphonesimulator/UserMessagingPlatformTarget.o normal (in target 'UserMessagingPlatformTarget' from project 'GoogleUserMessagingPlatform')
    cd /Users/fumiaki/Library/Developer/Xcode/DerivedData/MathGraphLab2-aackoovxunepuqbfwkwdzznpmxfk/SourcePackages/checkouts/swift-package-manager-google-user-messaging-platform
    /Applications/Xcode.app/Contents/Developer/Toolchains/XcodeDefault.xctoolchain/usr/bin/clang -Xlinker -reproducible -target arm64-apple-ios12.0-simulator -r -isysroot /Applications/Xcode.app/Contents/Developer/Platforms/iPhoneSimulator.platform/Developer/SDKs/iPhoneSimulator26.2.sdk -O0 -w -L/Users/fumiaki/Library/Developer/Xcode/DerivedData/MathGraphLab2-aackoovxunepuqbfwkwdzznpmxfk/Build/Intermediates.noindex/EagerLinkingTBDs/Debug-iphonesimulator -L/Users/fumiaki/Library/Developer/Xcode/DerivedData/MathGraphLab2-aackoovxunepuqbfwkwdzznpmxfk/Build/Products/Debug-iphonesimulator -L/Applications/Xcode.app/Contents/Developer/Platforms/iPhoneSimulator.platform/Developer/usr/lib -F/Users/fumiaki/Library/Developer/Xcode/DerivedData/MathGraphLab2-aackoovxunepuqbfwkwdzznpmxfk/Build/Intermediates.noindex/EagerLinkingTBDs/Debug-iphonesimulator -F/Users/fumiaki/Library/Developer/Xcode/DerivedData/MathGraphLab2-aackoovxunepuqbfwkwdzznpmxfk/Build/Products/Debug-iphonesimulator -iframework /Applications/Xcode.app/Contents/Developer/Platforms/iPhoneSimulator.platform/Developer/Library/Frameworks -iframework /Applications/Xcode.app/Contents/Developer/Platforms/iPhoneSimulator.platform/Developer/SDKs/iPhoneSimulator26.2.sdk/Developer/Library/Frameworks -filelist /Users/fumiaki/Library/Developer/Xcode/DerivedData/MathGraphLab2-aackoovxunepuqbfwkwdzznpmxfk/Build/Intermediates.noindex/GoogleUserMessagingPlatform.build/Debug-iphonesimulator/UserMessagingPlatformTarget.build/Objects-normal/arm64/UserMessagingPlatformTarget.LinkFileList -nostdlib -Xlinker -object_path_lto -Xlinker /Users/fumiaki/Library/Developer/Xcode/DerivedData/MathGraphLab2-aackoovxunepuqbfwkwdzznpmxfk/Build/Intermediates.noindex/GoogleUserMessagingPlatform.build/Debug-iphonesimulator/UserMessagingPlatformTarget.build/Objects-normal/arm64/UserMessagingPlatformTarget_lto.o -rdynamic -Xlinker -no_deduplicate -Xlinker -objc_abi_version -Xlinker 2 -Xlinker -debug_variant -Xlinker -dependency_info -Xlinker /Users/fumiaki/Library/Developer/Xcode/DerivedData/MathGraphLab2-aackoovxunepuqbfwkwdzznpmxfk/Build/Intermediates.noindex/GoogleUserMessagingPlatform.build/Debug-iphonesimulator/UserMessagingPlatformTarget.build/Objects-normal/arm64/UserMessagingPlatformTarget_dependency_info.dat -fobjc-arc -fobjc-link-runtime -o /Users/fumiaki/Library/Developer/Xcode/DerivedData/MathGraphLab2-aackoovxunepuqbfwkwdzznpmxfk/Build/Products/Debug-iphonesimulator/UserMessagingPlatformTarget.o

ProcessProductPackaging "" /Users/fumiaki/Library/Developer/Xcode/DerivedData/MathGraphLab2-aackoovxunepuqbfwkwdzznpmxfk/Build/Intermediates.noindex/MathGraphLab2.build/Debug-iphonesimulator/MathGraphLab2.build/MathGraphLab2.app-Simulated.xcent (in target 'MathGraphLab2' from project 'MathGraphLab2')
    cd /Users/fumiaki/Desktop/MathGraphLab2/MathGraphLab2
    
    Entitlements:
    
    {
    "application-identifier" = "7R927F3U4V.com.fumiakiMogi777.MathGraphLab2";
}
    
    builtin-productPackagingUtility -entitlements -format xml -o /Users/fumiaki/Library/Developer/Xcode/DerivedData/MathGraphLab2-aackoovxunepuqbfwkwdzznpmxfk/Build/Intermediates.noindex/MathGraphLab2.build/Debug-iphonesimulator/MathGraphLab2.build/MathGraphLab2.app-Simulated.xcent

ProcessProductPackagingDER /Users/fumiaki/Library/Developer/Xcode/DerivedData/MathGraphLab2-aackoovxunepuqbfwkwdzznpmxfk/Build/Intermediates.noindex/MathGraphLab2.build/Debug-iphonesimulator/MathGraphLab2.build/MathGraphLab2.app-Simulated.xcent /Users/fumiaki/Library/Developer/Xcode/DerivedData/MathGraphLab2-aackoovxunepuqbfwkwdzznpmxfk/Build/Intermediates.noindex/MathGraphLab2.build/Debug-iphonesimulator/MathGraphLab2.build/MathGraphLab2.app-Simulated.xcent.der (in target 'MathGraphLab2' from project 'MathGraphLab2')
    cd /Users/fumiaki/Desktop/MathGraphLab2/MathGraphLab2
    /usr/bin/derq query -f xml -i /Users/fumiaki/Library/Developer/Xcode/DerivedData/MathGraphLab2-aackoovxunepuqbfwkwdzznpmxfk/Build/Intermediates.noindex/MathGraphLab2.build/Debug-iphonesimulator/MathGraphLab2.build/MathGraphLab2.app-Simulated.xcent -o /Users/fumiaki/Library/Developer/Xcode/DerivedData/MathGraphLab2-aackoovxunepuqbfwkwdzznpmxfk/Build/Intermediates.noindex/MathGraphLab2.build/Debug-iphonesimulator/MathGraphLab2.build/MathGraphLab2.app-Simulated.xcent.der --raw

CompileAssetCatalogVariant thinned /Users/fumiaki/Library/Developer/Xcode/DerivedData/MathGraphLab2-aackoovxunepuqbfwkwdzznpmxfk/Build/Products/Debug-iphonesimulator/MathGraphLab2.app /Users/fumiaki/Desktop/MathGraphLab2/MathGraphLab2/MathGraphLab2/Assets.xcassets (in target 'MathGraphLab2' from project 'MathGraphLab2')
    cd /Users/fumiaki/Desktop/MathGraphLab2/MathGraphLab2
    /Applications/Xcode.app/Contents/Developer/usr/bin/actool /Users/fumiaki/Desktop/MathGraphLab2/MathGraphLab2/MathGraphLab2/Assets.xcassets --compile /Users/fumiaki/Library/Developer/Xcode/DerivedData/MathGraphLab2-aackoovxunepuqbfwkwdzznpmxfk/Build/Intermediates.noindex/MathGraphLab2.build/Debug-iphonesimulator/MathGraphLab2.build/assetcatalog_output/thinned --output-format human-readable-text --notices --warnings --export-dependency-info /Users/fumiaki/Library/Developer/Xcode/DerivedData/MathGraphLab2-aackoovxunepuqbfwkwdzznpmxfk/Build/Intermediates.noindex/MathGraphLab2.build/Debug-iphonesimulator/MathGraphLab2.build/assetcatalog_dependencies_thinned --output-partial-info-plist /Users/fumiaki/Library/Developer/Xcode/DerivedData/MathGraphLab2-aackoovxunepuqbfwkwdzznpmxfk/Build/Intermediates.noindex/MathGraphLab2.build/Debug-iphonesimulator/MathGraphLab2.build/assetcatalog_generated_info.plist_thinned --app-icon AppIcon --accent-color AccentColor --compress-pngs --enable-on-demand-resources YES --filter-for-thinning-device-configuration iPhone18,3 --filter-for-device-os-version 26.2 --development-region en --target-device iphone --target-device ipad --minimum-deployment-target 26.2 --platform iphonesimulator
/* com.apple.actool.compilation-results */
/Users/fumiaki/Library/Developer/Xcode/DerivedData/MathGraphLab2-aackoovxunepuqbfwkwdzznpmxfk/Build/Intermediates.noindex/MathGraphLab2.build/Debug-iphonesimulator/MathGraphLab2.build/assetcatalog_generated_info.plist_thinned


SwiftDriver MathGraphLab2 normal arm64 com.apple.xcode.tools.swift.compiler (in target 'MathGraphLab2' from project 'MathGraphLab2')
    cd /Users/fumiaki/Desktop/MathGraphLab2/MathGraphLab2
    builtin-SwiftDriver -- /Applications/Xcode.app/Contents/Developer/Toolchains/XcodeDefault.xctoolchain/usr/bin/swiftc -module-name MathGraphLab2 -Onone -enforce-exclusivity\=checked @/Users/fumiaki/Library/Developer/Xcode/DerivedData/MathGraphLab2-aackoovxunepuqbfwkwdzznpmxfk/Build/Intermediates.noindex/MathGraphLab2.build/Debug-iphonesimulator/MathGraphLab2.build/Objects-normal/arm64/MathGraphLab2.SwiftFileList -DDEBUG -Xcc -fmodule-map-file\=/Users/fumiaki/Library/Developer/Xcode/DerivedData/MathGraphLab2-aackoovxunepuqbfwkwdzznpmxfk/Build/Intermediates.noindex/GeneratedModuleMaps-iphonesimulator/UserMessagingPlatformTarget.modulemap -default-isolation\=MainActor -enable-bare-slash-regex -enable-upcoming-feature DisableOutwardActorInference -enable-upcoming-feature InferSendableFromCaptures -enable-upcoming-feature GlobalActorIsolatedTypesUsability -enable-upcoming-feature MemberImportVisibility -enable-upcoming-feature InferIsolatedConformances -enable-upcoming-feature NonisolatedNonsendingByDefault -enable-experimental-feature DebugDescriptionMacro -sdk /Applications/Xcode.app/Contents/Developer/Platforms/iPhoneSimulator.platform/Developer/SDKs/iPhoneSimulator26.2.sdk -target arm64-apple-ios26.2-simulator -g -module-cache-path /Users/fumiaki/Library/Developer/Xcode/DerivedData/ModuleCache.noindex -Xfrontend -serialize-debugging-options -profile-coverage-mapping -profile-generate -enable-testing -index-store-path /Users/fumiaki/Library/Developer/Xcode/DerivedData/MathGraphLab2-aackoovxunepuqbfwkwdzznpmxfk/Index.noindex/DataStore -Xcc -D_LIBCPP_HARDENING_MODE\=_LIBCPP_HARDENING_MODE_DEBUG -swift-version 5 -I /Users/fumiaki/Library/Developer/Xcode/DerivedData/MathGraphLab2-aackoovxunepuqbfwkwdzznpmxfk/Build/Products/Debug-iphonesimulator -F /Users/fumiaki/Library/Developer/Xcode/DerivedData/MathGraphLab2-aackoovxunepuqbfwkwdzznpmxfk/Build/Products/Debug-iphonesimulator/PackageFrameworks -F /Users/fumiaki/Library/Developer/Xcode/DerivedData/MathGraphLab2-aackoovxunepuqbfwkwdzznpmxfk/Build/Products/Debug-iphonesimulator/PackageFrameworks -F /Users/fumiaki/Library/Developer/Xcode/DerivedData/MathGraphLab2-aackoovxunepuqbfwkwdzznpmxfk/Build/Products/Debug-iphonesimulator -emit-localized-strings -emit-localized-strings-path /Users/fumiaki/Library/Developer/Xcode/DerivedData/MathGraphLab2-aackoovxunepuqbfwkwdzznpmxfk/Build/Intermediates.noindex/MathGraphLab2.build/Debug-iphonesimulator/MathGraphLab2.build/Objects-normal/arm64 -c -j8 -enable-batch-mode -incremental -Xcc -ivfsstatcache -Xcc /Users/fumiaki/Library/Developer/Xcode/DerivedData/SDKStatCaches.noindex/iphonesimulator26.2-23C53-7d00a8b37fbd7999ea79df8ebc024bf0.sdkstatcache -output-file-map /Users/fumiaki/Library/Developer/Xcode/DerivedData/MathGraphLab2-aackoovxunepuqbfwkwdzznpmxfk/Build/Intermediates.noindex/MathGraphLab2.build/Debug-iphonesimulator/MathGraphLab2.build/Objects-normal/arm64/MathGraphLab2-OutputFileMap.json -use-frontend-parseable-output -save-temps -no-color-diagnostics -explicit-module-build -module-cache-path /Users/fumiaki/Library/Developer/Xcode/DerivedData/MathGraphLab2-aackoovxunepuqbfwkwdzznpmxfk/Build/Intermediates.noindex/SwiftExplicitPrecompiledModules -clang-scanner-module-cache-path /Users/fumiaki/Library/Developer/Xcode/DerivedData/ModuleCache.noindex -sdk-module-cache-path /Users/fumiaki/Library/Developer/Xcode/DerivedData/ModuleCache.noindex -serialize-diagnostics -emit-dependencies -emit-module -emit-module-path /Users/fumiaki/Library/Developer/Xcode/DerivedData/MathGraphLab2-aackoovxunepuqbfwkwdzznpmxfk/Build/Intermediates.noindex/MathGraphLab2.build/Debug-iphonesimulator/MathGraphLab2.build/Objects-normal/arm64/MathGraphLab2.swiftmodule -validate-clang-modules-once -clang-build-session-file /Users/fumiaki/Library/Developer/Xcode/DerivedData/ModuleCache.noindex/Session.modulevalidation -Xcc -I/Users/fumiaki/Library/Developer/Xcode/DerivedData/MathGraphLab2-aackoovxunepuqbfwkwdzznpmxfk/Build/Intermediates.noindex/MathGraphLab2.build/Debug-iphonesimulator/MathGraphLab2.build/swift-overrides.hmap -emit-const-values -Xfrontend -const-gather-protocols-file -Xfrontend /Users/fumiaki/Library/Developer/Xcode/DerivedData/MathGraphLab2-aackoovxunepuqbfwkwdzznpmxfk/Build/Intermediates.noindex/MathGraphLab2.build/Debug-iphonesimulator/MathGraphLab2.build/Objects-normal/arm64/MathGraphLab2_const_extract_protocols.json -Xcc -iquote -Xcc /Users/fumiaki/Library/Developer/Xcode/DerivedData/MathGraphLab2-aackoovxunepuqbfwkwdzznpmxfk/Build/Intermediates.noindex/MathGraphLab2.build/Debug-iphonesimulator/MathGraphLab2.build/MathGraphLab2-generated-files.hmap -Xcc -I/Users/fumiaki/Library/Developer/Xcode/DerivedData/MathGraphLab2-aackoovxunepuqbfwkwdzznpmxfk/Build/Intermediates.noindex/MathGraphLab2.build/Debug-iphonesimulator/MathGraphLab2.build/MathGraphLab2-own-target-headers.hmap -Xcc -I/Users/fumiaki/Library/Developer/Xcode/DerivedData/MathGraphLab2-aackoovxunepuqbfwkwdzznpmxfk/Build/Intermediates.noindex/MathGraphLab2.build/Debug-iphonesimulator/MathGraphLab2.build/MathGraphLab2-all-non-framework-target-headers.hmap -Xcc -ivfsoverlay -Xcc /Users/fumiaki/Library/Developer/Xcode/DerivedData/MathGraphLab2-aackoovxunepuqbfwkwdzznpmxfk/Build/Intermediates.noindex/MathGraphLab2.build/Debug-iphonesimulator/MathGraphLab2-53d52002df6bce171c914eaf3f042094-VFS-iphonesimulator/all-product-headers.yaml -Xcc -iquote -Xcc /Users/fumiaki/Library/Developer/Xcode/DerivedData/MathGraphLab2-aackoovxunepuqbfwkwdzznpmxfk/Build/Intermediates.noindex/MathGraphLab2.build/Debug-iphonesimulator/MathGraphLab2.build/MathGraphLab2-project-headers.hmap -Xcc -I/Users/fumiaki/Library/Developer/Xcode/DerivedData/MathGraphLab2-aackoovxunepuqbfwkwdzznpmxfk/SourcePackages/checkouts/swift-package-manager-google-user-messaging-platform/UserMessagingPlatformTarget/include -Xcc -I/Users/fumiaki/Library/Developer/Xcode/DerivedData/MathGraphLab2-aackoovxunepuqbfwkwdzznpmxfk/Build/Products/Debug-iphonesimulator/include -Xcc -I/Users/fumiaki/Library/Developer/Xcode/DerivedData/MathGraphLab2-aackoovxunepuqbfwkwdzznpmxfk/Build/Intermediates.noindex/MathGraphLab2.build/Debug-iphonesimulator/MathGraphLab2.build/DerivedSources-normal/arm64 -Xcc -I/Users/fumiaki/Library/Developer/Xcode/DerivedData/MathGraphLab2-aackoovxunepuqbfwkwdzznpmxfk/Build/Intermediates.noindex/MathGraphLab2.build/Debug-iphonesimulator/MathGraphLab2.build/DerivedSources/arm64 -Xcc -I/Users/fumiaki/Library/Developer/Xcode/DerivedData/MathGraphLab2-aackoovxunepuqbfwkwdzznpmxfk/Build/Intermediates.noindex/MathGraphLab2.build/Debug-iphonesimulator/MathGraphLab2.build/DerivedSources -Xcc -DDEBUG\=1 -emit-objc-header -emit-objc-header-path /Users/fumiaki/Library/Developer/Xcode/DerivedData/MathGraphLab2-aackoovxunepuqbfwkwdzznpmxfk/Build/Intermediates.noindex/MathGraphLab2.build/Debug-iphonesimulator/MathGraphLab2.build/Objects-normal/arm64/MathGraphLab2-Swift.h -working-directory /Users/fumiaki/Desktop/MathGraphLab2/MathGraphLab2 -experimental-emit-module-separately -disable-cmo

RegisterExecutionPolicyException /Users/fumiaki/Library/Developer/Xcode/DerivedData/MathGraphLab2-aackoovxunepuqbfwkwdzznpmxfk/Build/Products/Debug-iphonesimulator/UserMessagingPlatformTarget.o (in target 'UserMessagingPlatformTarget' from project 'GoogleUserMessagingPlatform')
    cd /Users/fumiaki/Library/Developer/Xcode/DerivedData/MathGraphLab2-aackoovxunepuqbfwkwdzznpmxfk/SourcePackages/checkouts/swift-package-manager-google-user-messaging-platform
    builtin-RegisterExecutionPolicyException /Users/fumiaki/Library/Developer/Xcode/DerivedData/MathGraphLab2-aackoovxunepuqbfwkwdzznpmxfk/Build/Products/Debug-iphonesimulator/UserMessagingPlatformTarget.o

Ld /Users/fumiaki/Library/Developer/Xcode/DerivedData/MathGraphLab2-aackoovxunepuqbfwkwdzznpmxfk/Build/Products/Debug-iphonesimulator/GoogleMobileAdsTarget.o normal (in target 'GoogleMobileAdsTarget' from project 'GoogleMobileAds')
    cd /Users/fumiaki/Library/Developer/Xcode/DerivedData/MathGraphLab2-aackoovxunepuqbfwkwdzznpmxfk/SourcePackages/checkouts/swift-package-manager-google-mobile-ads
    /Applications/Xcode.app/Contents/Developer/Toolchains/XcodeDefault.xctoolchain/usr/bin/clang -Xlinker -reproducible -target arm64-apple-ios12.0-simulator -r -isysroot /Applications/Xcode.app/Contents/Developer/Platforms/iPhoneSimulator.platform/Developer/SDKs/iPhoneSimulator26.2.sdk -O0 -w -L/Users/fumiaki/Library/Developer/Xcode/DerivedData/MathGraphLab2-aackoovxunepuqbfwkwdzznpmxfk/Build/Intermediates.noindex/EagerLinkingTBDs/Debug-iphonesimulator -L/Users/fumiaki/Library/Developer/Xcode/DerivedData/MathGraphLab2-aackoovxunepuqbfwkwdzznpmxfk/Build/Products/Debug-iphonesimulator -L/Applications/Xcode.app/Contents/Developer/Platforms/iPhoneSimulator.platform/Developer/usr/lib -F/Users/fumiaki/Library/Developer/Xcode/DerivedData/MathGraphLab2-aackoovxunepuqbfwkwdzznpmxfk/Build/Intermediates.noindex/EagerLinkingTBDs/Debug-iphonesimulator -F/Users/fumiaki/Library/Developer/Xcode/DerivedData/MathGraphLab2-aackoovxunepuqbfwkwdzznpmxfk/Build/Products/Debug-iphonesimulator/PackageFrameworks -F/Users/fumiaki/Library/Developer/Xcode/DerivedData/MathGraphLab2-aackoovxunepuqbfwkwdzznpmxfk/Build/Products/Debug-iphonesimulator -iframework /Applications/Xcode.app/Contents/Developer/Platforms/iPhoneSimulator.platform/Developer/Library/Frameworks -iframework /Applications/Xcode.app/Contents/Developer/Platforms/iPhoneSimulator.platform/Developer/SDKs/iPhoneSimulator26.2.sdk/Developer/Library/Frameworks -filelist /Users/fumiaki/Library/Developer/Xcode/DerivedData/MathGraphLab2-aackoovxunepuqbfwkwdzznpmxfk/Build/Intermediates.noindex/GoogleMobileAds.build/Debug-iphonesimulator/GoogleMobileAdsTarget.build/Objects-normal/arm64/GoogleMobileAdsTarget.LinkFileList -nostdlib -Xlinker -object_path_lto -Xlinker /Users/fumiaki/Library/Developer/Xcode/DerivedData/MathGraphLab2-aackoovxunepuqbfwkwdzznpmxfk/Build/Intermediates.noindex/GoogleMobileAds.build/Debug-iphonesimulator/GoogleMobileAdsTarget.build/Objects-normal/arm64/GoogleMobileAdsTarget_lto.o -rdynamic -Xlinker -no_deduplicate -Xlinker -objc_abi_version -Xlinker 2 -Xlinker -debug_variant -Xlinker -dependency_info -Xlinker /Users/fumiaki/Library/Developer/Xcode/DerivedData/MathGraphLab2-aackoovxunepuqbfwkwdzznpmxfk/Build/Intermediates.noindex/GoogleMobileAds.build/Debug-iphonesimulator/GoogleMobileAdsTarget.build/Objects-normal/arm64/GoogleMobileAdsTarget_dependency_info.dat -fobjc-link-runtime -L/Applications/Xcode.app/Contents/Developer/Toolchains/XcodeDefault.xctoolchain/usr/lib/swift/iphonesimulator -L/usr/lib/swift -Xlinker -add_ast_path -Xlinker /Users/fumiaki/Library/Developer/Xcode/DerivedData/MathGraphLab2-aackoovxunepuqbfwkwdzznpmxfk/Build/Intermediates.noindex/GoogleMobileAds.build/Debug-iphonesimulator/GoogleMobileAdsTarget.build/Objects-normal/arm64/GoogleMobileAdsTarget.swiftmodule @/Users/fumiaki/Library/Developer/Xcode/DerivedData/MathGraphLab2-aackoovxunepuqbfwkwdzznpmxfk/Build/Intermediates.noindex/GoogleMobileAds.build/Debug-iphonesimulator/GoogleMobileAdsTarget.build/Objects-normal/arm64/GoogleMobileAdsTarget-linker-args.resp -o /Users/fumiaki/Library/Developer/Xcode/DerivedData/MathGraphLab2-aackoovxunepuqbfwkwdzznpmxfk/Build/Products/Debug-iphonesimulator/GoogleMobileAdsTarget.o

ExtractAppIntentsMetadata (in target 'GoogleMobileAdsTarget' from project 'GoogleMobileAds')
    cd /Users/fumiaki/Library/Developer/Xcode/DerivedData/MathGraphLab2-aackoovxunepuqbfwkwdzznpmxfk/SourcePackages/checkouts/swift-package-manager-google-mobile-ads
    /Applications/Xcode.app/Contents/Developer/Toolchains/XcodeDefault.xctoolchain/usr/bin/appintentsmetadataprocessor --toolchain-dir /Applications/Xcode.app/Contents/Developer/Toolchains/XcodeDefault.xctoolchain --module-name GoogleMobileAdsTarget --sdk-root /Applications/Xcode.app/Contents/Developer/Platforms/iPhoneSimulator.platform/Developer/SDKs/iPhoneSimulator26.2.sdk --xcode-version 17C52 --platform-family iOS --deployment-target 12.0 --bundle-identifier swift-package-manager-google-mobile-ads.GoogleMobileAdsTarget --output /Users/fumiaki/Library/Developer/Xcode/DerivedData/MathGraphLab2-aackoovxunepuqbfwkwdzznpmxfk/Build/Products/Debug-iphonesimulator/GoogleMobileAdsTarget.appintents --target-triple arm64-apple-ios12.0-simulator --binary-file /Users/fumiaki/Library/Developer/Xcode/DerivedData/MathGraphLab2-aackoovxunepuqbfwkwdzznpmxfk/Build/Products/Debug-iphonesimulator/GoogleMobileAdsTarget.o --dependency-file /Users/fumiaki/Library/Developer/Xcode/DerivedData/MathGraphLab2-aackoovxunepuqbfwkwdzznpmxfk/Build/Intermediates.noindex/GoogleMobileAds.build/Debug-iphonesimulator/GoogleMobileAdsTarget.build/Objects-normal/arm64/GoogleMobileAdsTarget_dependency_info.dat --stringsdata-file /Users/fumiaki/Library/Developer/Xcode/DerivedData/MathGraphLab2-aackoovxunepuqbfwkwdzznpmxfk/Build/Intermediates.noindex/GoogleMobileAds.build/Debug-iphonesimulator/GoogleMobileAdsTarget.build/Objects-normal/arm64/ExtractedAppShortcutsMetadata.stringsdata --source-file-list /Users/fumiaki/Library/Developer/Xcode/DerivedData/MathGraphLab2-aackoovxunepuqbfwkwdzznpmxfk/Build/Intermediates.noindex/GoogleMobileAds.build/Debug-iphonesimulator/GoogleMobileAdsTarget.build/Objects-normal/arm64/GoogleMobileAdsTarget.SwiftFileList --metadata-file-list /Users/fumiaki/Library/Developer/Xcode/DerivedData/MathGraphLab2-aackoovxunepuqbfwkwdzznpmxfk/Build/Intermediates.noindex/GoogleMobileAds.build/Debug-iphonesimulator/GoogleMobileAdsTarget.build/GoogleMobileAdsTarget.DependencyMetadataFileList --static-metadata-file-list /Users/fumiaki/Library/Developer/Xcode/DerivedData/MathGraphLab2-aackoovxunepuqbfwkwdzznpmxfk/Build/Intermediates.noindex/GoogleMobileAds.build/Debug-iphonesimulator/GoogleMobileAdsTarget.build/GoogleMobileAdsTarget.DependencyStaticMetadataFileList --swift-const-vals-list /Users/fumiaki/Library/Developer/Xcode/DerivedData/MathGraphLab2-aackoovxunepuqbfwkwdzznpmxfk/Build/Intermediates.noindex/GoogleMobileAds.build/Debug-iphonesimulator/GoogleMobileAdsTarget.build/Objects-normal/arm64/GoogleMobileAdsTarget.SwiftConstValuesFileList --force --compile-time-extraction --deployment-aware-processing --validate-assistant-intents --no-app-shortcuts-localization
2026-02-13 01:36:54.162 appintentsmetadataprocessor[17055:1467664] Starting appintentsmetadataprocessor export
2026-02-13 01:36:54.289 appintentsmetadataprocessor[17055:1467664] Extracted no relevant App Intents symbols, skipping writing output

RegisterExecutionPolicyException /Users/fumiaki/Library/Developer/Xcode/DerivedData/MathGraphLab2-aackoovxunepuqbfwkwdzznpmxfk/Build/Products/Debug-iphonesimulator/GoogleMobileAdsTarget.o (in target 'GoogleMobileAdsTarget' from project 'GoogleMobileAds')
    cd /Users/fumiaki/Library/Developer/Xcode/DerivedData/MathGraphLab2-aackoovxunepuqbfwkwdzznpmxfk/SourcePackages/checkouts/swift-package-manager-google-mobile-ads
    builtin-RegisterExecutionPolicyException /Users/fumiaki/Library/Developer/Xcode/DerivedData/MathGraphLab2-aackoovxunepuqbfwkwdzznpmxfk/Build/Products/Debug-iphonesimulator/GoogleMobileAdsTarget.o

Ld /Users/fumiaki/Library/Developer/Xcode/DerivedData/MathGraphLab2-aackoovxunepuqbfwkwdzznpmxfk/Build/Products/Debug-iphonesimulator/MathGraphLab2.app/__preview.dylib normal (in target 'MathGraphLab2' from project 'MathGraphLab2')
    cd /Users/fumiaki/Desktop/MathGraphLab2/MathGraphLab2
    /Applications/Xcode.app/Contents/Developer/Toolchains/XcodeDefault.xctoolchain/usr/bin/clang -Xlinker -reproducible -target arm64-apple-ios26.2-simulator -dynamiclib -isysroot /Applications/Xcode.app/Contents/Developer/Platforms/iPhoneSimulator.platform/Developer/SDKs/iPhoneSimulator26.2.sdk -O0 -L/Users/fumiaki/Library/Developer/Xcode/DerivedData/MathGraphLab2-aackoovxunepuqbfwkwdzznpmxfk/Build/Products/Debug-iphonesimulator -F/Users/fumiaki/Library/Developer/Xcode/DerivedData/MathGraphLab2-aackoovxunepuqbfwkwdzznpmxfk/Build/Products/Debug-iphonesimulator/PackageFrameworks -F/Users/fumiaki/Library/Developer/Xcode/DerivedData/MathGraphLab2-aackoovxunepuqbfwkwdzznpmxfk/Build/Products/Debug-iphonesimulator/PackageFrameworks -F/Users/fumiaki/Library/Developer/Xcode/DerivedData/MathGraphLab2-aackoovxunepuqbfwkwdzznpmxfk/Build/Products/Debug-iphonesimulator -install_name @rpath/MathGraphLab2.debug.dylib -dead_strip -rdynamic -Xlinker -no_deduplicate -Xlinker -objc_abi_version -Xlinker 2 -Xlinker -debug_variant -Xlinker -dependency_info -Xlinker /Users/fumiaki/Library/Developer/Xcode/DerivedData/MathGraphLab2-aackoovxunepuqbfwkwdzznpmxfk/Build/Intermediates.noindex/MathGraphLab2.build/Debug-iphonesimulator/MathGraphLab2.build/Objects-normal/arm64/MathGraphLab2_dependency_info.dat -Xlinker -sectcreate -Xlinker __TEXT -Xlinker __entitlements -Xlinker /Users/fumiaki/Library/Developer/Xcode/DerivedData/MathGraphLab2-aackoovxunepuqbfwkwdzznpmxfk/Build/Intermediates.noindex/MathGraphLab2.build/Debug-iphonesimulator/MathGraphLab2.build/MathGraphLab2.app-Simulated.xcent -Xlinker -sectcreate -Xlinker __TEXT -Xlinker __ents_der -Xlinker /Users/fumiaki/Library/Developer/Xcode/DerivedData/MathGraphLab2-aackoovxunepuqbfwkwdzznpmxfk/Build/Intermediates.noindex/MathGraphLab2.build/Debug-iphonesimulator/MathGraphLab2.build/MathGraphLab2.app-Simulated.xcent.der -Xlinker -no_adhoc_codesign -o /Users/fumiaki/Library/Developer/Xcode/DerivedData/MathGraphLab2-aackoovxunepuqbfwkwdzznpmxfk/Build/Products/Debug-iphonesimulator/MathGraphLab2.app/__preview.dylib

ProcessInfoPlistFile /Users/fumiaki/Library/Developer/Xcode/DerivedData/MathGraphLab2-aackoovxunepuqbfwkwdzznpmxfk/Build/Products/Debug-iphonesimulator/MathGraphLab2.app/Info.plist /Users/fumiaki/Desktop/MathGraphLab2/MathGraphLab2/MathGraphLab2/Info.plist (in target 'MathGraphLab2' from project 'MathGraphLab2')
    cd /Users/fumiaki/Desktop/MathGraphLab2/MathGraphLab2
    builtin-infoPlistUtility /Users/fumiaki/Desktop/MathGraphLab2/MathGraphLab2/MathGraphLab2/Info.plist -producttype com.apple.product-type.application -genpkginfo /Users/fumiaki/Library/Developer/Xcode/DerivedData/MathGraphLab2-aackoovxunepuqbfwkwdzznpmxfk/Build/Products/Debug-iphonesimulator/MathGraphLab2.app/PkgInfo -expandbuildsettings -format binary -platform iphonesimulator -additionalcontentfile /Users/fumiaki/Library/Developer/Xcode/DerivedData/MathGraphLab2-aackoovxunepuqbfwkwdzznpmxfk/Build/Intermediates.noindex/MathGraphLab2.build/Debug-iphonesimulator/MathGraphLab2.build/assetcatalog_generated_info.plist -scanforprivacyfile /Users/fumiaki/Library/Developer/Xcode/DerivedData/MathGraphLab2-aackoovxunepuqbfwkwdzznpmxfk/Build/Products/Debug-iphonesimulator/MathGraphLab2.app/Frameworks/GoogleMobileAds.framework -scanforprivacyfile /Users/fumiaki/Library/Developer/Xcode/DerivedData/MathGraphLab2-aackoovxunepuqbfwkwdzznpmxfk/Build/Products/Debug-iphonesimulator/MathGraphLab2.app/Frameworks/UserMessagingPlatform.framework -o /Users/fumiaki/Library/Developer/Xcode/DerivedData/MathGraphLab2-aackoovxunepuqbfwkwdzznpmxfk/Build/Products/Debug-iphonesimulator/MathGraphLab2.app/Info.plist

SwiftEmitModule normal arm64 Emitting\ module\ for\ MathGraphLab2 (in target 'MathGraphLab2' from project 'MathGraphLab2')

EmitSwiftModule normal arm64 (in target 'MathGraphLab2' from project 'MathGraphLab2')
    cd /Users/fumiaki/Desktop/MathGraphLab2/MathGraphLab2
    

SwiftCompile normal arm64 Compiling\ GraphLabView.swift /Users/fumiaki/Desktop/MathGraphLab2/MathGraphLab2/Views/GraphLab/GraphLabView.swift (in target 'MathGraphLab2' from project 'MathGraphLab2')
Failed frontend command:
/Applications/Xcode.app/Contents/Developer/Toolchains/XcodeDefault.xctoolchain/usr/bin/swift-frontend -frontend -c -primary-file /Users/fumiaki/Desktop/MathGraphLab2/MathGraphLab2/Views/GraphLab/GraphLabView.swift /Users/fumiaki/Desktop/MathGraphLab2/MathGraphLab2/Views/GraphLab/AnalysisOverlayView.swift /Users/fumiaki/Desktop/MathGraphLab2/MathGraphLab2/MathGraphLabApp.swift /Users/fumiaki/Desktop/MathGraphLab2/MathGraphLab2/Views/GraphLab/GraphCanvasView.swift /Users/fumiaki/Desktop/MathGraphLab2/MathGraphLab2/Views/GraphLab/DistanceLinesOverlayView.swift /Users/fumiaki/Desktop/MathGraphLab2/MathGraphLab2/Views/GraphLab/GridBackgroundView.swift /Users/fumiaki/Desktop/MathGraphLab2/MathGraphLab2/Models/CoordinateSystem.swift /Users/fumiaki/Desktop/MathGraphLab2/MathGraphLab2/ContentView.swift /Users/fumiaki/Desktop/MathGraphLab2/MathGraphLab2/Views/Components/MonospacedLabel.swift /Users/fumiaki/Desktop/MathGraphLab2/MathGraphLab2/Views/GraphLab/SharePreviewView.swift /Users/fumiaki/Desktop/MathGraphLab2/MathGraphLab2/Utilities/ThemeManager.swift /Users/fumiaki/Desktop/MathGraphLab2/MathGraphLab2/ViewModels/GraphViewModel.swift /Users/fumiaki/Desktop/MathGraphLab2/MathGraphLab2/Extensions/Double+Rounding.swift /Users/fumiaki/Desktop/MathGraphLab2/MathGraphLab2/ViewModels/SettingsViewModel.swift /Users/fumiaki/Desktop/MathGraphLab2/MathGraphLab2/Views/Settings/IAPRow.swift /Users/fumiaki/Desktop/MathGraphLab2/MathGraphLab2/Views/GraphLab/EquationOverlayView.swift /Users/fumiaki/Desktop/MathGraphLab2/MathGraphLab2/State/AppState.swift /Users/fumiaki/Desktop/MathGraphLab2/MathGraphLab2/Views/GraphLab/BannerAdView.swift /Users/fumiaki/Desktop/MathGraphLab2/MathGraphLab2/Extensions/Color+Theme.swift /Users/fumiaki/Desktop/MathGraphLab2/MathGraphLab2/Views/Settings/SettingsView.swift /Users/fumiaki/Desktop/MathGraphLab2/MathGraphLab2/Models/MathModels.swift /Users/fumiaki/Desktop/MathGraphLab2/MathGraphLab2/Utilities/HapticManager.swift /Users/fumiaki/Desktop/MathGraphLab2/MathGraphLab2/Logic/MathSolver.swift /Users/fumiaki/Desktop/MathGraphLab2/MathGraphLab2/Views/GraphLab/TouchInteractionView.swift /Users/fumiaki/Desktop/MathGraphLab2/MathGraphLab2/Views/GraphLab/ControlPanelOverlay.swift /Users/fumiaki/Desktop/MathGraphLab2/MathGraphLab2/Views/GraphLab/MarkedPointsOverlayView.swift /Users/fumiaki/Library/Developer/Xcode/DerivedData/MathGraphLab2-aackoovxunepuqbfwkwdzznpmxfk/Build/Intermediates.noindex/MathGraphLab2.build/Debug-iphonesimulator/MathGraphLab2.build/DerivedSources/GeneratedAssetSymbols.swift -emit-dependencies-path /Users/fumiaki/Library/Developer/Xcode/DerivedData/MathGraphLab2-aackoovxunepuqbfwkwdzznpmxfk/Build/Intermediates.noindex/MathGraphLab2.build/Debug-iphonesimulator/MathGraphLab2.build/Objects-normal/arm64/GraphLabView.d -emit-const-values-path /Users/fumiaki/Library/Developer/Xcode/DerivedData/MathGraphLab2-aackoovxunepuqbfwkwdzznpmxfk/Build/Intermediates.noindex/MathGraphLab2.build/Debug-iphonesimulator/MathGraphLab2.build/Objects-normal/arm64/GraphLabView.swiftconstvalues -emit-reference-dependencies-path /Users/fumiaki/Library/Developer/Xcode/DerivedData/MathGraphLab2-aackoovxunepuqbfwkwdzznpmxfk/Build/Intermediates.noindex/MathGraphLab2.build/Debug-iphonesimulator/MathGraphLab2.build/Objects-normal/arm64/GraphLabView.swiftdeps -serialize-diagnostics-path /Users/fumiaki/Library/Developer/Xcode/DerivedData/MathGraphLab2-aackoovxunepuqbfwkwdzznpmxfk/Build/Intermediates.noindex/MathGraphLab2.build/Debug-iphonesimulator/MathGraphLab2.build/Objects-normal/arm64/GraphLabView.dia -emit-localized-strings -emit-localized-strings-path /Users/fumiaki/Library/Developer/Xcode/DerivedData/MathGraphLab2-aackoovxunepuqbfwkwdzznpmxfk/Build/Intermediates.noindex/MathGraphLab2.build/Debug-iphonesimulator/MathGraphLab2.build/Objects-normal/arm64 -target arm64-apple-ios26.2-simulator -module-can-import-version DeveloperToolsSupport 23.0.4 23.0.4 -module-can-import-version SwiftUI 7.2.5.1 7.2.5 -module-can-import-version UIKit 9126.2.4.1 9126.2.4 -load-resolved-plugin /Applications/Xcode.app/Contents/Developer/Platforms/iPhoneOS.platform/Developer/usr/lib/swift/host/plugins/libFoundationMacros.dylib\#/Applications/Xcode.app/Contents/Developer/Platforms/iPhoneOS.platform/Developer/usr/bin/swift-plugin-server\#FoundationMacros -load-resolved-plugin /Applications/Xcode.app/Contents/Developer/Platforms/iPhoneOS.platform/Developer/usr/lib/swift/host/plugins/libObservationMacros.dylib\#/Applications/Xcode.app/Contents/Developer/Platforms/iPhoneOS.platform/Developer/usr/bin/swift-plugin-server\#ObservationMacros -load-resolved-plugin /Applications/Xcode.app/Contents/Developer/Platforms/iPhoneOS.platform/Developer/usr/lib/swift/host/plugins/libPreviewsMacros.dylib\#/Applications/Xcode.app/Contents/Developer/Platforms/iPhoneOS.platform/Developer/usr/bin/swift-plugin-server\#PreviewsMacros -load-resolved-plugin /Applications/Xcode.app/Contents/Developer/Platforms/iPhoneOS.platform/Developer/usr/lib/swift/host/plugins/libSwiftMacros.dylib\#/Applications/Xcode.app/Contents/Developer/Platforms/iPhoneOS.platform/Developer/usr/bin/swift-plugin-server\#SwiftMacros -load-resolved-plugin /Applications/Xcode.app/Contents/Developer/Platforms/iPhoneOS.platform/Developer/usr/lib/swift/host/plugins/libSwiftUIMacros.dylib\#/Applications/Xcode.app/Contents/Developer/Platforms/iPhoneOS.platform/Developer/usr/bin/swift-plugin-server\#SwiftUIMacros -disable-implicit-swift-modules -Xcc -fno-implicit-modules -Xcc -fno-implicit-module-maps -explicit-swift-module-map-file /Users/fumiaki/Library/Developer/Xcode/DerivedData/MathGraphLab2-aackoovxunepuqbfwkwdzznpmxfk/Build/Intermediates.noindex/MathGraphLab2.build/Debug-iphonesimulator/MathGraphLab2.build/Objects-normal/arm64/MathGraphLab2-dependencies-1.json -Xllvm -aarch64-use-tbi -enable-objc-interop -sdk /Applications/Xcode.app/Contents/Developer/Platforms/iPhoneSimulator.platform/Developer/SDKs/iPhoneSimulator26.2.sdk -I /Users/fumiaki/Library/Developer/Xcode/DerivedData/MathGraphLab2-aackoovxunepuqbfwkwdzznpmxfk/Build/Products/Debug-iphonesimulator -F /Users/fumiaki/Library/Developer/Xcode/DerivedData/MathGraphLab2-aackoovxunepuqbfwkwdzznpmxfk/Build/Products/Debug-iphonesimulator/PackageFrameworks -F /Users/fumiaki/Library/Developer/Xcode/DerivedData/MathGraphLab2-aackoovxunepuqbfwkwdzznpmxfk/Build/Products/Debug-iphonesimulator/PackageFrameworks -F /Users/fumiaki/Library/Developer/Xcode/DerivedData/MathGraphLab2-aackoovxunepuqbfwkwdzznpmxfk/Build/Products/Debug-iphonesimulator -no-color-diagnostics -Xcc -fno-color-diagnostics -enable-testing -g -debug-info-format\=dwarf -dwarf-version\=5 -module-cache-path /Users/fumiaki/Library/Developer/Xcode/DerivedData/MathGraphLab2-aackoovxunepuqbfwkwdzznpmxfk/Build/Intermediates.noindex/SwiftExplicitPrecompiledModules -profile-generate -profile-coverage-mapping -swift-version 5 -enforce-exclusivity\=checked -Onone -D DEBUG -serialize-debugging-options -const-gather-protocols-file /Users/fumiaki/Library/Developer/Xcode/DerivedData/MathGraphLab2-aackoovxunepuqbfwkwdzznpmxfk/Build/Intermediates.noindex/MathGraphLab2.build/Debug-iphonesimulator/MathGraphLab2.build/Objects-normal/arm64/MathGraphLab2_const_extract_protocols.json -enable-upcoming-feature DisableOutwardActorInference -enable-upcoming-feature InferSendableFromCaptures -enable-upcoming-feature GlobalActorIsolatedTypesUsability -enable-upcoming-feature MemberImportVisibility -enable-upcoming-feature InferIsolatedConformances -enable-upcoming-feature NonisolatedNonsendingByDefault -enable-experimental-feature DebugDescriptionMacro -enable-bare-slash-regex -default-isolation\=MainActor -empty-abi-descriptor -validate-clang-modules-once -clang-build-session-file /Users/fumiaki/Library/Developer/Xcode/DerivedData/ModuleCache.noindex/Session.modulevalidation -Xcc -working-directory -Xcc /Users/fumiaki/Desktop/MathGraphLab2/MathGraphLab2 -enable-anonymous-context-mangled-names -file-compilation-dir /Users/fumiaki/Desktop/MathGraphLab2/MathGraphLab2 -Xcc -fmodule-map-file\=/Users/fumiaki/Library/Developer/Xcode/DerivedData/MathGraphLab2-aackoovxunepuqbfwkwdzznpmxfk/Build/Intermediates.noindex/GeneratedModuleMaps-iphonesimulator/UserMessagingPlatformTarget.modulemap -Xcc -D_LIBCPP_HARDENING_MODE\=_LIBCPP_HARDENING_MODE_DEBUG -Xcc -ivfsstatcache -Xcc /Users/fumiaki/Library/Developer/Xcode/DerivedData/SDKStatCaches.noindex/iphonesimulator26.2-23C53-7d00a8b37fbd7999ea79df8ebc024bf0.sdkstatcache -Xcc -I/Users/fumiaki/Library/Developer/Xcode/DerivedData/MathGraphLab2-aackoovxunepuqbfwkwdzznpmxfk/Build/Intermediates.noindex/MathGraphLab2.build/Debug-iphonesimulator/MathGraphLab2.build/swift-overrides.hmap -Xcc -iquote -Xcc /Users/fumiaki/Library/Developer/Xcode/DerivedData/MathGraphLab2-aackoovxunepuqbfwkwdzznpmxfk/Build/Intermediates.noindex/MathGraphLab2.build/Debug-iphonesimulator/MathGraphLab2.build/MathGraphLab2-generated-files.hmap -Xcc -I/Users/fumiaki/Library/Developer/Xcode/DerivedData/MathGraphLab2-aackoovxunepuqbfwkwdzznpmxfk/Build/Intermediates.noindex/MathGraphLab2.build/Debug-iphonesimulator/MathGraphLab2.build/MathGraphLab2-own-target-headers.hmap -Xcc -I/Users/fumiaki/Library/Developer/Xcode/DerivedData/MathGraphLab2-aackoovxunepuqbfwkwdzznpmxfk/Build/Intermediates.noindex/MathGraphLab2.build/Debug-iphonesimulator/MathGraphLab2.build/MathGraphLab2-all-non-framework-target-headers.hmap -Xcc -ivfsoverlay -Xcc /Users/fumiaki/Library/Developer/Xcode/DerivedData/MathGraphLab2-aackoovxunepuqbfwkwdzznpmxfk/Build/Intermediates.noindex/MathGraphLab2.build/Debug-iphonesimulator/MathGraphLab2-53d52002df6bce171c914eaf3f042094-VFS-iphonesimulator/all-product-headers.yaml -Xcc -iquote -Xcc /Users/fumiaki/Library/Developer/Xcode/DerivedData/MathGraphLab2-aackoovxunepuqbfwkwdzznpmxfk/Build/Intermediates.noindex/MathGraphLab2.build/Debug-iphonesimulator/MathGraphLab2.build/MathGraphLab2-project-headers.hmap -Xcc -I/Users/fumiaki/Library/Developer/Xcode/DerivedData/MathGraphLab2-aackoovxunepuqbfwkwdzznpmxfk/SourcePackages/checkouts/swift-package-manager-google-user-messaging-platform/UserMessagingPlatformTarget/include -Xcc -I/Users/fumiaki/Library/Developer/Xcode/DerivedData/MathGraphLab2-aackoovxunepuqbfwkwdzznpmxfk/Build/Products/Debug-iphonesimulator/include -Xcc -I/Users/fumiaki/Library/Developer/Xcode/DerivedData/MathGraphLab2-aackoovxunepuqbfwkwdzznpmxfk/Build/Intermediates.noindex/MathGraphLab2.build/Debug-iphonesimulator/MathGraphLab2.build/DerivedSources-normal/arm64 -Xcc -I/Users/fumiaki/Library/Developer/Xcode/DerivedData/MathGraphLab2-aackoovxunepuqbfwkwdzznpmxfk/Build/Intermediates.noindex/MathGraphLab2.build/Debug-iphonesimulator/MathGraphLab2.build/DerivedSources/arm64 -Xcc -I/Users/fumiaki/Library/Developer/Xcode/DerivedData/MathGraphLab2-aackoovxunepuqbfwkwdzznpmxfk/Build/Intermediates.noindex/MathGraphLab2.build/Debug-iphonesimulator/MathGraphLab2.build/DerivedSources -Xcc -DDEBUG\=1 -no-auto-bridging-header-chaining -module-name MathGraphLab2 -frontend-parseable-output -disable-clang-spi -target-sdk-version 26.2 -target-sdk-name iphonesimulator26.2 -clang-target arm64-apple-ios26.2-simulator -in-process-plugin-server-path /Applications/Xcode.app/Contents/Developer/Toolchains/XcodeDefault.xctoolchain/usr/lib/swift/host/libSwiftInProcPluginServer.dylib -o /Users/fumiaki/Library/Developer/Xcode/DerivedData/MathGraphLab2-aackoovxunepuqbfwkwdzznpmxfk/Build/Intermediates.noindex/MathGraphLab2.build/Debug-iphonesimulator/MathGraphLab2.build/Objects-normal/arm64/GraphLabView.o -index-unit-output-path /MathGraphLab2.build/Debug-iphonesimulator/MathGraphLab2.build/Objects-normal/arm64/GraphLabView.o -index-store-path /Users/fumiaki/Library/Developer/Xcode/DerivedData/MathGraphLab2-aackoovxunepuqbfwkwdzznpmxfk/Index.noindex/DataStore -index-system-modules

SwiftCompile normal arm64 /Users/fumiaki/Desktop/MathGraphLab2/MathGraphLab2/Views/GraphLab/GraphLabView.swift (in target 'MathGraphLab2' from project 'MathGraphLab2')
    cd /Users/fumiaki/Desktop/MathGraphLab2/MathGraphLab2
    
/Users/fumiaki/Desktop/MathGraphLab2/MathGraphLab2/Views/GraphLab/GraphLabView.swift:79:29: error: cannot find 'IconSegmentedControl' in scope
                            IconSegmentedControl(
                            ^~~~~~~~~~~~~~~~~~~~
/Users/fumiaki/Desktop/MathGraphLab2/MathGraphLab2/Views/GraphLab/GraphLabView.swift:67:17: error: struct 'ViewBuilder' requires that 'EmptyTableRowContent<V>' conform to 'View'
                Section {
                ^
SwiftUI.Section:2:11: note: requirement from conditional conformance of 'Section<EmptyTableRowContent<V>, Content, EmptyTableRowContent<V>>' to 'View'
extension Section : View where Parent : View, Content : View, Footer : View {
          ^
/Users/fumiaki/Desktop/MathGraphLab2/MathGraphLab2/Views/GraphLab/GraphLabView.swift:67:17: error: struct 'ViewBuilder' requires that 'EmptyTableRowContent<V>' conform to 'View'
                Section {
                ^
SwiftUI.Section:2:11: note: requirement from conditional conformance of 'Section<EmptyTableRowContent<V>, Content, EmptyTableRowContent<V>>' to 'View'
extension Section : View where Parent : View, Content : View, Footer : View {
          ^
/Users/fumiaki/Desktop/MathGraphLab2/MathGraphLab2/Views/GraphLab/GraphLabView.swift:68:21: error: static method 'buildExpression' requires that 'Toggle<Label<Text, Image>>' conform to 'TableRowContent'
                    Toggle(isOn: $appState.isGridSnapEnabled) {
                    ^
SwiftUI.TableRowBuilder.buildExpression:2:20: note: where 'Content' = 'Toggle<Label<Text, Image>>'
public static func buildExpression<Content>(_ content: Content) -> Content where Value == Content.TableRowValue, Content : TableRowContent}
                   ^

SwiftCompile normal arm64 Compiling\ ControlPanelOverlay.swift /Users/fumiaki/Desktop/MathGraphLab2/MathGraphLab2/Views/GraphLab/ControlPanelOverlay.swift (in target 'MathGraphLab2' from project 'MathGraphLab2')
SwiftCompile normal arm64 /Users/fumiaki/Desktop/MathGraphLab2/MathGraphLab2/Views/GraphLab/ControlPanelOverlay.swift (in target 'MathGraphLab2' from project 'MathGraphLab2')
    cd /Users/fumiaki/Desktop/MathGraphLab2/MathGraphLab2
    

** BUILD FAILED **


The following build commands failed:
	SwiftCompile normal arm64 Compiling\ GraphLabView.swift /Users/fumiaki/Desktop/MathGraphLab2/MathGraphLab2/Views/GraphLab/GraphLabView.swift (in target 'MathGraphLab2' from project 'MathGraphLab2')
	SwiftCompile normal arm64 /Users/fumiaki/Desktop/MathGraphLab2/MathGraphLab2/Views/GraphLab/GraphLabView.swift (in target 'MathGraphLab2' from project 'MathGraphLab2')
	Building project MathGraphLab2 with scheme MathGraphLab2
(3 failures)
